------------------------------------------------------------
TimeQuest Timing Analyzer Summary
------------------------------------------------------------

Type  : Slow 1100mV 85C Model Setup 'FPGA_CLK3_50'
Slack : -21.456
TNS   : -215.003

Type  : Slow 1100mV 85C Model Setup 'pll_hdmi|pll_hdmi_inst|altera_pll_i|cyclonev_pll|counter[0].output_counter|divclk'
Slack : 0.017
TNS   : 0.000

Type  : Slow 1100mV 85C Model Setup 'HDMI_CLK'
Slack : 0.056
TNS   : 0.000

Type  : Slow 1100mV 85C Model Setup 'sysmem|fpga_interfaces|clocks_resets|h2f_user0_clk'
Slack : 5.062
TNS   : 0.000

Type  : Slow 1100mV 85C Model Setup 'FPGA_CLK1_50'
Slack : 5.653
TNS   : 0.000

Type  : Slow 1100mV 85C Model Setup 'FPGA_CLK2_50'
Slack : 13.914
TNS   : 0.000

Type  : Slow 1100mV 85C Model Hold 'pll_hdmi|pll_hdmi_inst|altera_pll_i|cyclonev_pll|counter[0].output_counter|divclk'
Slack : 0.214
TNS   : 0.000

Type  : Slow 1100mV 85C Model Hold 'FPGA_CLK3_50'
Slack : 0.219
TNS   : 0.000

Type  : Slow 1100mV 85C Model Hold 'sysmem|fpga_interfaces|clocks_resets|h2f_user0_clk'
Slack : 0.284
TNS   : 0.000

Type  : Slow 1100mV 85C Model Hold 'FPGA_CLK1_50'
Slack : 0.307
TNS   : 0.000

Type  : Slow 1100mV 85C Model Hold 'FPGA_CLK2_50'
Slack : 0.335
TNS   : 0.000

Type  : Slow 1100mV 85C Model Hold 'HDMI_CLK'
Slack : 1.205
TNS   : 0.000

Type  : Slow 1100mV 85C Model Recovery 'pll_hdmi|pll_hdmi_inst|altera_pll_i|cyclonev_pll|counter[0].output_counter|divclk'
Slack : 4.032
TNS   : 0.000

Type  : Slow 1100mV 85C Model Recovery 'sysmem|fpga_interfaces|clocks_resets|h2f_user0_clk'
Slack : 6.983
TNS   : 0.000

Type  : Slow 1100mV 85C Model Recovery 'FPGA_CLK1_50'
Slack : 15.604
TNS   : 0.000

Type  : Slow 1100mV 85C Model Recovery 'FPGA_CLK3_50'
Slack : 16.047
TNS   : 0.000

Type  : Slow 1100mV 85C Model Removal 'FPGA_CLK3_50'
Slack : 0.695
TNS   : 0.000

Type  : Slow 1100mV 85C Model Removal 'sysmem|fpga_interfaces|clocks_resets|h2f_user0_clk'
Slack : 0.962
TNS   : 0.000

Type  : Slow 1100mV 85C Model Removal 'pll_hdmi|pll_hdmi_inst|altera_pll_i|cyclonev_pll|counter[0].output_counter|divclk'
Slack : 0.988
TNS   : 0.000

Type  : Slow 1100mV 85C Model Removal 'FPGA_CLK1_50'
Slack : 1.124
TNS   : 0.000

Type  : Slow 1100mV 85C Model Minimum Pulse Width 'pll_hdmi|pll_hdmi_inst|altera_pll_i|cyclonev_pll|fpll_0|fpll|vcoph[0]'
Slack : 1.122
TNS   : 0.000

Type  : Slow 1100mV 85C Model Minimum Pulse Width 'pll_hdmi|pll_hdmi_inst|altera_pll_i|cyclonev_pll|counter[0].output_counter|divclk'
Slack : 2.120
TNS   : 0.000

Type  : Slow 1100mV 85C Model Minimum Pulse Width 'sysmem|fpga_interfaces|clocks_resets|h2f_user0_clk'
Slack : 3.769
TNS   : 0.000

Type  : Slow 1100mV 85C Model Minimum Pulse Width 'FPGA_CLK3_50'
Slack : 8.887
TNS   : 0.000

Type  : Slow 1100mV 85C Model Minimum Pulse Width 'FPGA_CLK1_50'
Slack : 9.212
TNS   : 0.000

Type  : Slow 1100mV 85C Model Minimum Pulse Width 'FPGA_CLK2_50'
Slack : 9.224
TNS   : 0.000

Type  : Slow 1100mV 0C Model Setup 'FPGA_CLK3_50'
Slack : -21.534
TNS   : -227.508

Type  : Slow 1100mV 0C Model Setup 'pll_hdmi|pll_hdmi_inst|altera_pll_i|cyclonev_pll|counter[0].output_counter|divclk'
Slack : 0.072
TNS   : 0.000

Type  : Slow 1100mV 0C Model Setup 'HDMI_CLK'
Slack : 0.100
TNS   : 0.000

Type  : Slow 1100mV 0C Model Setup 'sysmem|fpga_interfaces|clocks_resets|h2f_user0_clk'
Slack : 5.369
TNS   : 0.000

Type  : Slow 1100mV 0C Model Setup 'FPGA_CLK1_50'
Slack : 5.744
TNS   : 0.000

Type  : Slow 1100mV 0C Model Setup 'FPGA_CLK2_50'
Slack : 14.025
TNS   : 0.000

Type  : Slow 1100mV 0C Model Hold 'FPGA_CLK3_50'
Slack : 0.124
TNS   : 0.000

Type  : Slow 1100mV 0C Model Hold 'pll_hdmi|pll_hdmi_inst|altera_pll_i|cyclonev_pll|counter[0].output_counter|divclk'
Slack : 0.156
TNS   : 0.000

Type  : Slow 1100mV 0C Model Hold 'sysmem|fpga_interfaces|clocks_resets|h2f_user0_clk'
Slack : 0.244
TNS   : 0.000

Type  : Slow 1100mV 0C Model Hold 'FPGA_CLK1_50'
Slack : 0.288
TNS   : 0.000

Type  : Slow 1100mV 0C Model Hold 'FPGA_CLK2_50'
Slack : 0.318
TNS   : 0.000

Type  : Slow 1100mV 0C Model Hold 'HDMI_CLK'
Slack : 1.166
TNS   : 0.000

Type  : Slow 1100mV 0C Model Recovery 'pll_hdmi|pll_hdmi_inst|altera_pll_i|cyclonev_pll|counter[0].output_counter|divclk'
Slack : 4.258
TNS   : 0.000

Type  : Slow 1100mV 0C Model Recovery 'sysmem|fpga_interfaces|clocks_resets|h2f_user0_clk'
Slack : 7.090
TNS   : 0.000

Type  : Slow 1100mV 0C Model Recovery 'FPGA_CLK1_50'
Slack : 15.772
TNS   : 0.000

Type  : Slow 1100mV 0C Model Recovery 'FPGA_CLK3_50'
Slack : 16.240
TNS   : 0.000

Type  : Slow 1100mV 0C Model Removal 'FPGA_CLK3_50'
Slack : 0.631
TNS   : 0.000

Type  : Slow 1100mV 0C Model Removal 'sysmem|fpga_interfaces|clocks_resets|h2f_user0_clk'
Slack : 0.905
TNS   : 0.000

Type  : Slow 1100mV 0C Model Removal 'pll_hdmi|pll_hdmi_inst|altera_pll_i|cyclonev_pll|counter[0].output_counter|divclk'
Slack : 0.965
TNS   : 0.000

Type  : Slow 1100mV 0C Model Removal 'FPGA_CLK1_50'
Slack : 1.045
TNS   : 0.000

Type  : Slow 1100mV 0C Model Minimum Pulse Width 'pll_hdmi|pll_hdmi_inst|altera_pll_i|cyclonev_pll|fpll_0|fpll|vcoph[0]'
Slack : 1.122
TNS   : 0.000

Type  : Slow 1100mV 0C Model Minimum Pulse Width 'pll_hdmi|pll_hdmi_inst|altera_pll_i|cyclonev_pll|counter[0].output_counter|divclk'
Slack : 2.101
TNS   : 0.000

Type  : Slow 1100mV 0C Model Minimum Pulse Width 'sysmem|fpga_interfaces|clocks_resets|h2f_user0_clk'
Slack : 3.748
TNS   : 0.000

Type  : Slow 1100mV 0C Model Minimum Pulse Width 'FPGA_CLK3_50'
Slack : 8.924
TNS   : 0.000

Type  : Slow 1100mV 0C Model Minimum Pulse Width 'FPGA_CLK1_50'
Slack : 9.271
TNS   : 0.000

Type  : Slow 1100mV 0C Model Minimum Pulse Width 'FPGA_CLK2_50'
Slack : 9.290
TNS   : 0.000

Type  : Fast 1100mV 85C Model Setup 'FPGA_CLK3_50'
Slack : -3.876
TNS   : -9.429

Type  : Fast 1100mV 85C Model Setup 'HDMI_CLK'
Slack : 0.527
TNS   : 0.000

Type  : Fast 1100mV 85C Model Setup 'pll_hdmi|pll_hdmi_inst|altera_pll_i|cyclonev_pll|counter[0].output_counter|divclk'
Slack : 1.653
TNS   : 0.000

Type  : Fast 1100mV 85C Model Setup 'sysmem|fpga_interfaces|clocks_resets|h2f_user0_clk'
Slack : 6.590
TNS   : 0.000

Type  : Fast 1100mV 85C Model Setup 'FPGA_CLK1_50'
Slack : 7.583
TNS   : 0.000

Type  : Fast 1100mV 85C Model Setup 'FPGA_CLK2_50'
Slack : 16.040
TNS   : 0.000

Type  : Fast 1100mV 85C Model Hold 'FPGA_CLK3_50'
Slack : 0.128
TNS   : 0.000

Type  : Fast 1100mV 85C Model Hold 'pll_hdmi|pll_hdmi_inst|altera_pll_i|cyclonev_pll|counter[0].output_counter|divclk'
Slack : 0.140
TNS   : 0.000

Type  : Fast 1100mV 85C Model Hold 'sysmem|fpga_interfaces|clocks_resets|h2f_user0_clk'
Slack : 0.160
TNS   : 0.000

Type  : Fast 1100mV 85C Model Hold 'FPGA_CLK2_50'
Slack : 0.180
TNS   : 0.000

Type  : Fast 1100mV 85C Model Hold 'FPGA_CLK1_50'
Slack : 0.181
TNS   : 0.000

Type  : Fast 1100mV 85C Model Hold 'HDMI_CLK'
Slack : 1.431
TNS   : 0.000

Type  : Fast 1100mV 85C Model Recovery 'pll_hdmi|pll_hdmi_inst|altera_pll_i|cyclonev_pll|counter[0].output_counter|divclk'
Slack : 5.051
TNS   : 0.000

Type  : Fast 1100mV 85C Model Recovery 'sysmem|fpga_interfaces|clocks_resets|h2f_user0_clk'
Slack : 8.000
TNS   : 0.000

Type  : Fast 1100mV 85C Model Recovery 'FPGA_CLK1_50'
Slack : 16.997
TNS   : 0.000

Type  : Fast 1100mV 85C Model Recovery 'FPGA_CLK3_50'
Slack : 17.216
TNS   : 0.000

Type  : Fast 1100mV 85C Model Removal 'FPGA_CLK3_50'
Slack : 0.453
TNS   : 0.000

Type  : Fast 1100mV 85C Model Removal 'sysmem|fpga_interfaces|clocks_resets|h2f_user0_clk'
Slack : 0.552
TNS   : 0.000

Type  : Fast 1100mV 85C Model Removal 'pll_hdmi|pll_hdmi_inst|altera_pll_i|cyclonev_pll|counter[0].output_counter|divclk'
Slack : 0.611
TNS   : 0.000

Type  : Fast 1100mV 85C Model Removal 'FPGA_CLK1_50'
Slack : 0.623
TNS   : 0.000

Type  : Fast 1100mV 85C Model Minimum Pulse Width 'pll_hdmi|pll_hdmi_inst|altera_pll_i|cyclonev_pll|fpll_0|fpll|vcoph[0]'
Slack : 1.122
TNS   : 0.000

Type  : Fast 1100mV 85C Model Minimum Pulse Width 'pll_hdmi|pll_hdmi_inst|altera_pll_i|cyclonev_pll|counter[0].output_counter|divclk'
Slack : 2.242
TNS   : 0.000

Type  : Fast 1100mV 85C Model Minimum Pulse Width 'sysmem|fpga_interfaces|clocks_resets|h2f_user0_clk'
Slack : 3.893
TNS   : 0.000

Type  : Fast 1100mV 85C Model Minimum Pulse Width 'FPGA_CLK3_50'
Slack : 8.489
TNS   : 0.000

Type  : Fast 1100mV 85C Model Minimum Pulse Width 'FPGA_CLK1_50'
Slack : 9.096
TNS   : 0.000

Type  : Fast 1100mV 85C Model Minimum Pulse Width 'FPGA_CLK2_50'
Slack : 9.104
TNS   : 0.000

Type  : Fast 1100mV 0C Model Setup 'FPGA_CLK3_50'
Slack : -2.138
TNS   : -3.486

Type  : Fast 1100mV 0C Model Setup 'HDMI_CLK'
Slack : 0.555
TNS   : 0.000

Type  : Fast 1100mV 0C Model Setup 'pll_hdmi|pll_hdmi_inst|altera_pll_i|cyclonev_pll|counter[0].output_counter|divclk'
Slack : 1.818
TNS   : 0.000

Type  : Fast 1100mV 0C Model Setup 'sysmem|fpga_interfaces|clocks_resets|h2f_user0_clk'
Slack : 7.049
TNS   : 0.000

Type  : Fast 1100mV 0C Model Setup 'FPGA_CLK1_50'
Slack : 7.705
TNS   : 0.000

Type  : Fast 1100mV 0C Model Setup 'FPGA_CLK2_50'
Slack : 16.438
TNS   : 0.000

Type  : Fast 1100mV 0C Model Hold 'FPGA_CLK3_50'
Slack : 0.080
TNS   : 0.000

Type  : Fast 1100mV 0C Model Hold 'pll_hdmi|pll_hdmi_inst|altera_pll_i|cyclonev_pll|counter[0].output_counter|divclk'
Slack : 0.114
TNS   : 0.000

Type  : Fast 1100mV 0C Model Hold 'sysmem|fpga_interfaces|clocks_resets|h2f_user0_clk'
Slack : 0.149
TNS   : 0.000

Type  : Fast 1100mV 0C Model Hold 'FPGA_CLK1_50'
Slack : 0.159
TNS   : 0.000

Type  : Fast 1100mV 0C Model Hold 'FPGA_CLK2_50'
Slack : 0.173
TNS   : 0.000

Type  : Fast 1100mV 0C Model Hold 'HDMI_CLK'
Slack : 1.391
TNS   : 0.000

Type  : Fast 1100mV 0C Model Recovery 'pll_hdmi|pll_hdmi_inst|altera_pll_i|cyclonev_pll|counter[0].output_counter|divclk'
Slack : 5.236
TNS   : 0.000

Type  : Fast 1100mV 0C Model Recovery 'sysmem|fpga_interfaces|clocks_resets|h2f_user0_clk'
Slack : 8.266
TNS   : 0.000

Type  : Fast 1100mV 0C Model Recovery 'FPGA_CLK1_50'
Slack : 17.328
TNS   : 0.000

Type  : Fast 1100mV 0C Model Recovery 'FPGA_CLK3_50'
Slack : 17.552
TNS   : 0.000

Type  : Fast 1100mV 0C Model Removal 'FPGA_CLK3_50'
Slack : 0.385
TNS   : 0.000

Type  : Fast 1100mV 0C Model Removal 'sysmem|fpga_interfaces|clocks_resets|h2f_user0_clk'
Slack : 0.501
TNS   : 0.000

Type  : Fast 1100mV 0C Model Removal 'FPGA_CLK1_50'
Slack : 0.531
TNS   : 0.000

Type  : Fast 1100mV 0C Model Removal 'pll_hdmi|pll_hdmi_inst|altera_pll_i|cyclonev_pll|counter[0].output_counter|divclk'
Slack : 0.551
TNS   : 0.000

Type  : Fast 1100mV 0C Model Minimum Pulse Width 'pll_hdmi|pll_hdmi_inst|altera_pll_i|cyclonev_pll|fpll_0|fpll|vcoph[0]'
Slack : 1.122
TNS   : 0.000

Type  : Fast 1100mV 0C Model Minimum Pulse Width 'pll_hdmi|pll_hdmi_inst|altera_pll_i|cyclonev_pll|counter[0].output_counter|divclk'
Slack : 2.245
TNS   : 0.000

Type  : Fast 1100mV 0C Model Minimum Pulse Width 'sysmem|fpga_interfaces|clocks_resets|h2f_user0_clk'
Slack : 3.896
TNS   : 0.000

Type  : Fast 1100mV 0C Model Minimum Pulse Width 'FPGA_CLK3_50'
Slack : 8.443
TNS   : 0.000

Type  : Fast 1100mV 0C Model Minimum Pulse Width 'FPGA_CLK1_50'
Slack : 9.060
TNS   : 0.000

Type  : Fast 1100mV 0C Model Minimum Pulse Width 'FPGA_CLK2_50'
Slack : 9.066
TNS   : 0.000

------------------------------------------------------------
